{"compile_duration": 21.64992094039917, "duration_per_example": 0.13270581979304552, "tile_duration_per_example": 1e-09, "examples": 256, "batch_size": 32, "model": "inception_v3", "backend": "plaid"}