{"compile_duration": 22.666802883148193, "duration_per_example": 0.13530810922384262, "tile_duration_per_example": 1e-09, "examples": 256, "batch_size": 16, "model": "inception_v3", "backend": "plaid"}